Replace Part C3 CC_1206_X7R_105 in C:\Altium\Projects\DC-DC-buck-boost\DC_DC.SchDoc with CC_1206_X7R_105 from CapRes.IntLib
Replace Part C4 CC_1206_X7R_105 in C:\Altium\Projects\DC-DC-buck-boost\DC_DC.SchDoc with CC_1206_X7R_105 from CapRes.IntLib
Replace Part C5 CC_1206_X7R_105 in C:\Altium\Projects\DC-DC-buck-boost\DC_DC.SchDoc with CC_1206_X7R_105 from CapRes.IntLib
Replace Part C6 CC_1206_X7R_105 in C:\Altium\Projects\DC-DC-buck-boost\DC_DC.SchDoc with CC_1206_X7R_105 from CapRes.IntLib
Replace Part C8 CC_1206_X7R_105 in C:\Altium\Projects\DC-DC-buck-boost\DC_DC.SchDoc with CC_1206_X7R_105 from CapRes.IntLib
Replace Part C9 CC_1206_X7R_105 in C:\Altium\Projects\DC-DC-buck-boost\DC_DC.SchDoc with CC_1206_X7R_105 from CapRes.IntLib
Replace Part C10 CC_0603_NP0_470 in C:\Altium\Projects\DC-DC-buck-boost\DC_DC.SchDoc with CC_0603_NP0_470 from CapRes.IntLib
Replace Part C11 CC_1206_X7R_224 in C:\Altium\Projects\DC-DC-buck-boost\DC_DC.SchDoc with CC_1206_X7R_224 from CapRes.IntLib
Replace Part C12 CC_0603_X7R_223 in C:\Altium\Projects\DC-DC-buck-boost\DC_DC.SchDoc with CC_0603_X7R_223 from CapRes.IntLib
Replace Part C13 CC_1206_NP0_104 in C:\Altium\Projects\DC-DC-buck-boost\DC_DC.SchDoc with CC_1206_NP0_104 from CapRes.IntLib
Replace Part C14 CC_1206_X7S_475 in C:\Altium\Projects\DC-DC-buck-boost\DC_DC.SchDoc with CC_1206_X7S_475 from CapRes.IntLib
Replace Part C15 CC_0603_X7R_103 in C:\Altium\Projects\DC-DC-buck-boost\DC_DC.SchDoc with CC_0603_X7R_103 from CapRes.IntLib
Replace Part C16 CC_0603_NP0_470 in C:\Altium\Projects\DC-DC-buck-boost\DC_DC.SchDoc with CC_0603_NP0_470 from CapRes.IntLib
Replace Part C17 CC_0603_NP0_470 in C:\Altium\Projects\DC-DC-buck-boost\DC_DC.SchDoc with CC_0603_NP0_470 from CapRes.IntLib
Replace Part C18 CC_1206_X7R_224 in C:\Altium\Projects\DC-DC-buck-boost\DC_DC.SchDoc with CC_1206_X7R_224 from CapRes.IntLib
Replace Part C19 CC_0603_X7R_103 in C:\Altium\Projects\DC-DC-buck-boost\DC_DC.SchDoc with CC_0603_X7R_103 from CapRes.IntLib
Replace Part D1 PMEG045V100E in C:\Altium\Projects\DC-DC-buck-boost\DC_DC.SchDoc with PMEG045V100E from Semi.IntLib
Replace Part D2 NRVB0540T1G in C:\Altium\Projects\DC-DC-buck-boost\DC_DC.SchDoc with NRVB0540T1G from Semi.IntLib
Replace Part D3 PDZ3.6B,115 in C:\Altium\Projects\DC-DC-buck-boost\DC_DC.SchDoc with PDZ3.6B,115 from Semi.IntLib
Replace Part D4 NRVB0540T1G in C:\Altium\Projects\DC-DC-buck-boost\DC_DC.SchDoc with NRVB0540T1G from Semi.IntLib
Replace Part IC1 LTC3780IG#PBF in C:\Altium\Projects\DC-DC-buck-boost\DC_DC.SchDoc with LTC3780IG#PBF from Semi.IntLib
Replace Part L1 WE-HCI High Current 4.7uH-13A in C:\Altium\Projects\DC-DC-buck-boost\DC_DC.SchDoc with WE-HCI High Current 4.7uH-13A from CapRes.IntLib
Replace Part M1 TP_PCB in C:\Altium\Projects\DC-DC-buck-boost\DC_DC.SchDoc with TP_PCB from CapRes.IntLib
Replace Part M2 TP_PCB in C:\Altium\Projects\DC-DC-buck-boost\DC_DC.SchDoc with TP_PCB from CapRes.IntLib
Replace Part Q1 FDMC86102L in C:\Altium\Projects\DC-DC-buck-boost\DC_DC.SchDoc with FDMC86102L from Semi.IntLib
Replace Part Q2 FDMC86102L in C:\Altium\Projects\DC-DC-buck-boost\DC_DC.SchDoc with FDMC86102L from Semi.IntLib
Replace Part Q3 FDMC86102L in C:\Altium\Projects\DC-DC-buck-boost\DC_DC.SchDoc with FDMC86102L from Semi.IntLib
Replace Part Q4 FDMC86102L in C:\Altium\Projects\DC-DC-buck-boost\DC_DC.SchDoc with FDMC86102L from Semi.IntLib
Replace Part R1 CR_0603_100 in C:\Altium\Projects\DC-DC-buck-boost\DC_DC.SchDoc with CR_0603_100 from CapRes.IntLib
Replace Part R2 SHUNT_2512_0R015 in C:\Altium\Projects\DC-DC-buck-boost\DC_DC.SchDoc with SHUNT_2512_0R015 from CapRes.IntLib
Replace Part R3 CR_0603_100 in C:\Altium\Projects\DC-DC-buck-boost\DC_DC.SchDoc with CR_0603_100 from CapRes.IntLib
Replace Part R4 CR_0603_100 in C:\Altium\Projects\DC-DC-buck-boost\DC_DC.SchDoc with CR_0603_100 from CapRes.IntLib
Replace Part R5 CR_0603_104 in C:\Altium\Projects\DC-DC-buck-boost\DC_DC.SchDoc with CR_0603_104 from CapRes.IntLib
Replace Part R6 CR_0603_184 in C:\Altium\Projects\DC-DC-buck-boost\DC_DC.SchDoc with CR_0603_184 from CapRes.IntLib
Replace Part R7 CR_0603_104 in C:\Altium\Projects\DC-DC-buck-boost\DC_DC.SchDoc with CR_0603_104 from CapRes.IntLib
Replace Part R8 CR_0603_103 in C:\Altium\Projects\DC-DC-buck-boost\DC_DC.SchDoc with CR_0603_103 from CapRes.IntLib
Replace Part R9 CR_0603_123 in C:\Altium\Projects\DC-DC-buck-boost\DC_DC.SchDoc with CR_0603_123 from CapRes.IntLib
Replace Part R10 CR_0603_123 in C:\Altium\Projects\DC-DC-buck-boost\DC_DC.SchDoc with CR_0603_123 from CapRes.IntLib
