Removed Pin From Net: NetName=GND Pin=C9-1
Removed Pin From Net: NetName=NetC3_1 Pin=D3-1
Removed Pin From Net: NetName=NetC3_1 Pin=D3-2
Removed Member From Class: ClassName=DC_DC Member=D6
Change Component Footprint: Designator=C9 Old Footprint=C1206_medium New Footprint=PZF8x9
Change Component Comment : Designator=C9 Old Comment=C1206C105K5RACTU New Comment=25PZF220M8X9
Change Component Designator: OldDesignator=C3 NewDesignator=C7
Change Component Designator: OldDesignator=C5 NewDesignator=C3
Change Component Designator: OldDesignator=C6 NewDesignator=C4
Change Component Designator: OldDesignator=C7 NewDesignator=C5
Change Component Designator: OldDesignator=C8 NewDesignator=C6
Change Component Designator: OldDesignator=C10 NewDesignator=C8
Change Component Designator: OldDesignator=C11 NewDesignator=C10
Change Component Designator: OldDesignator=C17 NewDesignator=C18
Change Component Designator: OldDesignator=C18 NewDesignator=C19
Change Component Designator: OldDesignator=C19 NewDesignator=C20
Change Component Designator: OldDesignator=C20 NewDesignator=C21
Change Component Designator: OldDesignator=C21 NewDesignator=C22
Change Component Designator: OldDesignator=C22 NewDesignator=C17
Change Component Designator: OldDesignator=D4 NewDesignator=D3
Change Component Designator: OldDesignator=D6 NewDesignator=D4
Change Component Designator: OldDesignator=IC1 NewDesignator=IC2
Change Component Designator: OldDesignator=Q2 NewDesignator=Q3
Change Component Designator: OldDesignator=Q3 NewDesignator=Q4
Change Component Designator: OldDesignator=Q4 NewDesignator=Q5
Change Component Designator: OldDesignator=R6 NewDesignator=R7
Change Component Designator: OldDesignator=R7 NewDesignator=R6
Change component parameters: Designator = "C9" ("C9"); Footprint = "C1206_medium"; UniqueID = "\QOOOLNSW" ("\QOOOLNSW")
Change component parameters (AddParameter): Name = "Category"; Value = "Capacitors THT"; VariantName = "[No Variations]"
Change component parameters (AddParameter): Name = "Component Type"; Value = "Capacitors"; VariantName = "[No Variations]"
Change component parameters (AddParameter): Name = "Main"; Value = "Capacitors"; VariantName = "[No Variations]"
Change component parameters (AddParameter): Name = "SMD/THD"; Value = "THT"; VariantName = "[No Variations]"
Change component parameters (AddParameter): Name = "Status"; Value = "A"; VariantName = "[No Variations]"
Change component parameters (AddParameter): Name = "Supplier 1"; Value = "Mouser"; VariantName = "[No Variations]"
Change component parameters (AddParameter): Name = "Supplier 2"; Value = "Digi-Key"; VariantName = "[No Variations]"
Change component parameters (AddParameter): Name = "Supplier Part Number 1"; Value = "232-25PZF220M8X9"; VariantName = "[No Variations]"
Change component parameters (AddParameter): Name = "Supplier Part Number 2"; Value = "25PZF220M8X9-ND"; VariantName = "[No Variations]"
Change component parameters (AddParameter): Name = "Value"; Value = "220uF/25V"; VariantName = "[No Variations]"
Added Component: Designator=C11(C0603)
Add component (AddParameter): Name = "Category"; Value = "Capacitors CERA SMD"; VariantName = "[No Variations]"
Add component (AddParameter): Name = "Component Type"; Value = "Capacitors"; VariantName = "[No Variations]"
Add component (AddParameter): Name = "Main"; Value = "Capacitors"; VariantName = "[No Variations]"
Add component (AddParameter): Name = "Manufacturer"; Value = ""; VariantName = "[No Variations]"
Add component (AddParameter): Name = "Manufacturer Part Number"; Value = "100n/50V X7R C0603"; VariantName = "[No Variations]"
Add component (AddParameter): Name = "Part Number"; Value = "100n/50V X7R C0603"; VariantName = "[No Variations]"
Add component (AddParameter): Name = "SMD/THD"; Value = "SMD"; VariantName = "[No Variations]"
Add component (AddParameter): Name = "Status"; Value = "A"; VariantName = "[No Variations]"
Add component (AddParameter): Name = "Stock number"; Value = ""; VariantName = "[No Variations]"
Add component (AddParameter): Name = "Supplier 1"; Value = "Mouser"; VariantName = "[No Variations]"
Add component (AddParameter): Name = "Supplier 2"; Value = "Farnell"; VariantName = "[No Variations]"
Add component (AddParameter): Name = "Supplier Part Number 1"; Value = "581-06035C104K4Z2A"; VariantName = "[No Variations]"
Add component (AddParameter): Name = "Supplier Part Number 2"; Value = "1833843"; VariantName = "[No Variations]"
Add component (AddParameter): Name = "Value"; Value = "100n"; VariantName = "[No Variations]"
Added Component: Designator=IC1(SOIC127P600X175-8N)
Added Component: Designator=Q2(Power56_LFPAK)
Add component (AddParameter): Name = "Category"; Value = "N-MOS"; VariantName = "[No Variations]"
Add component (AddParameter): Name = "Component Type"; Value = "Transistors"; VariantName = "[No Variations]"
Add component (AddParameter): Name = "ComponentLink1Description"; Value = "Datasheet"; VariantName = "[No Variations]"
Add component (AddParameter): Name = "ComponentLink1URL"; Value = "http://datasheet.octopart.com/BSC077N12NS3-G-Infineon-datasheet-62293626.pdf"; VariantName = "[No Variations]"
Add component (AddParameter): Name = "Main"; Value = "Transistors"; VariantName = "[No Variations]"
Add component (AddParameter): Name = "Manufacturer"; Value = "Infineon"; VariantName = "[No Variations]"
Add component (AddParameter): Name = "Manufacturer Part Number"; Value = "BSC077N12NS3G"; VariantName = "[No Variations]"
Add component (AddParameter): Name = "Part Number"; Value = "BSC077N12NS3 G"; VariantName = "[No Variations]"
Add component (AddParameter): Name = "SMD/THD"; Value = "SMD"; VariantName = "[No Variations]"
Add component (AddParameter): Name = "Status"; Value = "A"; VariantName = "[No Variations]"
Add component (AddParameter): Name = "Supplier 1"; Value = "Mouser"; VariantName = "[No Variations]"
Add component (AddParameter): Name = "Supplier 2"; Value = "Digi-Key"; VariantName = "[No Variations]"
Add component (AddParameter): Name = "Supplier Part Number 1"; Value = "726-BSC077N12NS3GATM"; VariantName = "[No Variations]"
Add component (AddParameter): Name = "Supplier Part Number 2"; Value = "BSC077N12NS3GATMA1CT-ND"; VariantName = "[No Variations]"
Add component (AddParameter): Name = "Value"; Value = "BSC077N12NS3 G"; VariantName = "[No Variations]"
Added Pin To Net: NetName=GND Pin=C9-2
Added Pin To Net: NetName=NetC3_1 Pin=C11-2
Added Pin To Net: NetName=GND Pin=IC1-1
Added Pin To Net: NetName=NetC3_1 Pin=IC1-2
Added Pin To Net: NetName=NetC3_1 Pin=IC1-5
Added Pin To Net: NetName=NetC3_1 Pin=Q2-1
Added Pin To Net: NetName=NetC3_1 Pin=Q2-2
Added Pin To Net: NetName=NetC3_1 Pin=Q2-3
Change Net Name : Old Net Name=NetC3_1 New Net Name=NetC5_2
Change Net Name : Old Net Name=NetC10_1 New Net Name=NetC8_1
Change Net Name : Old Net Name=NetC10_2 New Net Name=NetC8_2
Change Net Name : Old Net Name=NetC11_1 New Net Name=NetC10_1
Change Net Name : Old Net Name=NetC11_2 New Net Name=NetC10_2
Change Net Name : Old Net Name=NetC17_2 New Net Name=NetC18_2
Change Net Name : Old Net Name=NetC20_2 New Net Name=NetC21_2
Change Net Name : Old Net Name=NetC22_1 New Net Name=NetC17_1
Change Net Name : Old Net Name=NetC22_2 New Net Name=NetC17_2
Change Net Name : Old Net Name=NetIC1_1 New Net Name=NetIC2_1
Change Net Name : Old Net Name=NetIC1_10 New Net Name=NetIC2_10
Change Net Name : Old Net Name=NetIC1_14 New Net Name=NetIC2_14
Change Net Name : Old Net Name=NetIC1_16 New Net Name=NetIC2_16
Change Net Name : Old Net Name=NetIC1_18 New Net Name=NetIC2_18
Change Net Name : Old Net Name=NetIC1_23 New Net Name=NetIC2_23
Added Pin To Net: NetName=NetC9_1 Pin=C9-1
Added Pin To Net: NetName=NetC9_1 Pin=IC1-8
Added Pin To Net: NetName=NetC9_1 Pin=Output1-1
Added Pin To Net: NetName=NetC9_1 Pin=Q2-5
Added Pin To Net: NetName=NetC9_1 Pin=Q2-5
Added Pin To Net: NetName=NetC9_1 Pin=Q2-5
Added Net: Name=NetC9_1
Added Pin To Net: NetName=NetC11_1 Pin=C11-1
Added Pin To Net: NetName=NetC11_1 Pin=IC1-4
Added Net: Name=NetC11_1
Added Pin To Net: NetName=NetIC1_6 Pin=IC1-6
Added Pin To Net: NetName=NetIC1_6 Pin=Q2-4
Added Net: Name=NetIC1_6
Added Member To Class: ClassName=DC_DC Member=Component C11 06035C104K4Z2A
Added Member To Class: ClassName=DC_DC Member=Component IC2 LTC3780IG#PBF
Added Member To Class: ClassName=DC_DC Member=Component Q5 FDMC86102L
Added Room: Name=DC_DC
