Change Physical Footprint: Designator=C1 Old Footprint=PZF8x9 New Footprint=PZF8x9
Change Physical Footprint: Designator=C2 Old Footprint=PZF8x9 New Footprint=PZF8x9
Change Physical Footprint: Designator=C3 Old Footprint=C1206_medium New Footprint=C1206_medium
Change Physical Footprint: Designator=C4 Old Footprint=C1206_medium New Footprint=C1206_medium
Change Physical Footprint: Designator=C5 Old Footprint=C1206_medium New Footprint=C1206_medium
Change Physical Footprint: Designator=C6 Old Footprint=C1206_medium New Footprint=C1206_medium
Change Physical Footprint: Designator=C7 Old Footprint=PZF8x9 New Footprint=PZF8x9
Change Physical Footprint: Designator=C8 Old Footprint=C1206_medium New Footprint=C1206_medium
Change Physical Footprint: Designator=C9 Old Footprint=C1206_medium New Footprint=C1206_medium
Change Physical Footprint: Designator=C10 Old Footprint=C0603 New Footprint=C0603
Change Physical Footprint: Designator=C11 Old Footprint=C1206_thin New Footprint=C1206_thin
Change Physical Footprint: Designator=C12 Old Footprint=C0603 New Footprint=C0603
Change Physical Footprint: Designator=C13 Old Footprint=C1206_thin New Footprint=C1206_thin
Change Physical Footprint: Designator=C14 Old Footprint=C1206_thick New Footprint=C1206_thick
Change Physical Footprint: Designator=C15 Old Footprint=C0603 New Footprint=C0603
Change Physical Footprint: Designator=C16 Old Footprint=C0603 New Footprint=C0603
Change Physical Footprint: Designator=C17 Old Footprint=C0603 New Footprint=C0603
Change Physical Footprint: Designator=C18 Old Footprint=C1206_thin New Footprint=C1206_thin
Change Physical Footprint: Designator=C19 Old Footprint=C0603 New Footprint=C0603
Change Physical Footprint: Designator=D1 Old Footprint=SOT1289 New Footprint=SOT1289
Change Physical Footprint: Designator=D2 Old Footprint=SOD123HP New Footprint=SOD123HP
Change Physical Footprint: Designator=D3 Old Footprint=SOD323 New Footprint=SOD323
Change Physical Footprint: Designator=D4 Old Footprint=SOD123HP New Footprint=SOD123HP
Change Physical Footprint: Designator=IC1 Old Footprint=SOP65P780X200-24N New Footprint=SOP65P780X200-24N
Change Physical Footprint: Designator=L1 Old Footprint=WE-HCI New Footprint=WE-HCI
Change Physical Footprint: Designator=M1 Old Footprint=Pad 1mm SMD New Footprint=Pad 1mm SMD
Change Physical Footprint: Designator=M2 Old Footprint=Pad 1mm SMD New Footprint=Pad 1mm SMD
Change Physical Footprint: Designator=Q1 Old Footprint=PowerPak1212_LFPAK33 New Footprint=PowerPak1212_LFPAK33
Change Physical Footprint: Designator=Q2 Old Footprint=PowerPak1212_LFPAK33 New Footprint=PowerPak1212_LFPAK33
Change Physical Footprint: Designator=Q3 Old Footprint=PowerPak1212_LFPAK33 New Footprint=PowerPak1212_LFPAK33
Change Physical Footprint: Designator=Q4 Old Footprint=PowerPak1212_LFPAK33 New Footprint=PowerPak1212_LFPAK33
Change Physical Footprint: Designator=R1 Old Footprint=R0603 New Footprint=R0603
Change Physical Footprint: Designator=R2 Old Footprint=Shunt_2512 New Footprint=Shunt_2512
Change Physical Footprint: Designator=R3 Old Footprint=R0603 New Footprint=R0603
Change Physical Footprint: Designator=R4 Old Footprint=R0603 New Footprint=R0603
Change Physical Footprint: Designator=R5 Old Footprint=R0603 New Footprint=R0603
Change Physical Footprint: Designator=R6 Old Footprint=R0603 New Footprint=R0603
Change Physical Footprint: Designator=R7 Old Footprint=R0603 New Footprint=R0603
Change Physical Footprint: Designator=R8 Old Footprint=R0603 New Footprint=R0603
Change Physical Footprint: Designator=R9 Old Footprint=R0603 New Footprint=R0603
Change Physical Footprint: Designator=R10 Old Footprint=R0603 New Footprint=R0603
