Removed Pin From Net: NetName=NetC12_1 Pin=C12-1
Removed Pin From Net: NetName=NetC12_2 Pin=C12-2
Change Component DesignItemId : Designator=R2 Old DesignItemId=SHUNT_2512_0R033 New DesignItemId=SHUNT_2512_0R015
Change Component Comment : Designator=R2 Old Comment=GMR100HTBFMR033 New Comment=GMR100HTBFER015
Change Component Designator: OldDesignator=Input NewDesignator=Input1
Change Component Designator: OldDesignator=Output NewDesignator=Output1
Change component parameters: Designator = "R2" ("R2"); Footprint = "Shunt_2512"; UniqueID = "\YDNXTETU" ("\YDNXTETU")
Change component parameters (AddParameter): Name = "Category"; Value = "Resistors SMD"; VariantName = "[No Variations]"
Change component parameters (AddParameter): Name = "Component Type"; Value = "Resistors"; VariantName = "[No Variations]"
Change component parameters (AddParameter): Name = "Main"; Value = "Resistors"; VariantName = "[No Variations]"
Change component parameters (AddParameter): Name = "SMD/THD"; Value = "SMD"; VariantName = "[No Variations]"
Change component parameters (AddParameter): Name = "Status"; Value = "A"; VariantName = "[No Variations]"
Change component parameters (AddParameter): Name = "Supplier 1"; Value = "Mouser"; VariantName = "[No Variations]"
Change component parameters (AddParameter): Name = "Supplier 2"; Value = "Digi-Key"; VariantName = "[No Variations]"
Change component parameters (AddParameter): Name = "Supplier 3"; Value = "Farnell"; VariantName = "[No Variations]"
Change component parameters (AddParameter): Name = "Supplier Part Number 1"; Value = "755-GMR100HTBFER015"; VariantName = "[No Variations]"
Change component parameters (AddParameter): Name = "Supplier Part Number 2"; Value = "511-1687-1-ND"; VariantName = "[No Variations]"
Change component parameters (AddParameter): Name = "Supplier Part Number 3"; Value = "2808331"; VariantName = "[No Variations]"
Change component parameters (AddParameter): Name = "Value"; Value = "0R015"; VariantName = "[No Variations]"
Added Component: Designator=C12(C0603)
Add component (AddParameter): Name = "Category"; Value = "Capacitors CERA SMD"; VariantName = "[No Variations]"
Add component (AddParameter): Name = "Component Type"; Value = "Capacitors"; VariantName = "[No Variations]"
Add component (AddParameter): Name = "ComponentLink1Description"; Value = "datasheet"; VariantName = "[No Variations]"
Add component (AddParameter): Name = "ComponentLink1URL"; Value = ""; VariantName = "[No Variations]"
Add component (AddParameter): Name = "Main"; Value = "Capacitors"; VariantName = "[No Variations]"
Add component (AddParameter): Name = "SMD/THD"; Value = "SMD"; VariantName = "[No Variations]"
Add component (AddParameter): Name = "Status"; Value = "A"; VariantName = "[No Variations]"
Add component (AddParameter): Name = "Supplier 1"; Value = "Mouser"; VariantName = "[No Variations]"
Add component (AddParameter): Name = "Supplier 2"; Value = "Farnell"; VariantName = "[No Variations]"
Add component (AddParameter): Name = "Supplier Part Number 1"; Value = "81-GCM1885C2A470JA6J"; VariantName = "[No Variations]"
Add component (AddParameter): Name = "Supplier Part Number 2"; Value = "3784365"; VariantName = "[No Variations]"
Add component (AddParameter): Name = "Value"; Value = "47p NP0"; VariantName = "[No Variations]"
Added Pin To Net: NetName=NetC12_1 Pin=C12-1
Added Pin To Net: NetName=NetC12_2 Pin=C12-2
